Flutter crash report.
Please report a bug at https://github.com/flutter/flutter/issues.

## command

flutter --quiet assemble --no-version-check --depfile C:\Users\thyly\OneDrive\文档\flutter_application_1\pos_flutter\build\app\intermediates\flutter\debug/flutter_build.d --output C:\Users\thyly\OneDrive\文档\flutter_application_1\pos_flutter\build\app\intermediates\flutter\debug -dTargetFile=C:\Users\thyly\OneDrive\??\flutter_application_1\pos_flutter\lib\main.dart -dTargetPlatform=android -dBuildMode=debug -dTrackWidgetCreation=true --DartDefines=RkxVVFRFUl9CVUlMRF9OQU1FPTEuMC4w,RkxVVFRFUl9CVUlMRF9OVU1CRVI9MQ==,RkxVVFRFUl9WRVJTSU9OPTMuNDcuMA==,RkxVVFRFUl9DSEFOTkVMPXN0YWJsZQ==,RkxVVFRFUl9HSVRfVVJMPWh0dHBzOi8vZ2l0aHViLmNvbS9mbHV0dGVyL2ZsdXR0ZXIuZ2l0,RkxVVFRFUl9GUkFNRVdPUktfUkVWSVNJT049NGNmMjQxNjQyNg==,RkxVVFRFUl9FTkdJTkVfUkVWSVNJT049NWY3NzYyNTY3Mw==,RkxVVFRFUl9EQVJUX1ZFUlNJT049My4xMy4w -dFlavor= -dAndroidArchs=android-x64 -dMinSdkVersion=24 debug_android_application

## exception

ArgumentError: Invalid argument(s): Illegal character in path

```
#0      _Uri._checkWindowsPathReservedCharacters (dart:core/uri.dart:2169:11)
#1      _Uri._makeWindowsFileUrl (dart:core/uri.dart:2242:7)
#2      new _Uri.file (dart:core/uri.dart:2132:11)
#3      FileSystemEntity.uri (dart:io/file_system_entity.dart:260:22)
#4      ForwardingFileSystemEntity.uri (package:file/src/forwarding/forwarding_file_system_entity.dart:37:27)
#5      ForwardingFileSystemEntity.uri (package:file/src/forwarding/forwarding_file_system_entity.dart:37:27)
#6      generateMainDartWithPluginRegistrant (package:flutter_tools/src/flutter_plugins.dart:1946:47)
<asynchronous suspension>
#7      DartPluginRegistrantTarget.build (package:flutter_tools/src/build_system/targets/dart_plugin_registrant.dart:42:5)
<asynchronous suspension>
#8      _BuildInstance._invokeInternal (package:flutter_tools/src/build_system/build_system.dart:937:9)
<asynchronous suspension>
#9      Future.wait.<anonymous closure> (dart:async/future.dart:567:21)
<asynchronous suspension>
#10     _BuildInstance.invokeTarget (package:flutter_tools/src/build_system/build_system.dart:875:32)
<asynchronous suspension>
#11     Future.wait.<anonymous closure> (dart:async/future.dart:567:21)
<asynchronous suspension>
#12     _BuildInstance.invokeTarget (package:flutter_tools/src/build_system/build_system.dart:875:32)
<asynchronous suspension>
#13     Future.wait.<anonymous closure> (dart:async/future.dart:567:21)
<asynchronous suspension>
#14     _BuildInstance.invokeTarget (package:flutter_tools/src/build_system/build_system.dart:875:32)
<asynchronous suspension>
#15     Future.wait.<anonymous closure> (dart:async/future.dart:567:21)
<asynchronous suspension>
#16     _BuildInstance.invokeTarget (package:flutter_tools/src/build_system/build_system.dart:875:32)
<asynchronous suspension>
#17     FlutterBuildSystem.build (package:flutter_tools/src/build_system/build_system.dart:684:16)
<asynchronous suspension>
#18     AssembleCommand.runCommand (package:flutter_tools/src/commands/assemble.dart:369:32)
<asynchronous suspension>
#19     FlutterCommand.run.<anonymous closure> (package:flutter_tools/src/runner/flutter_command.dart:1663:27)
<asynchronous suspension>
#20     AppContext.run.<anonymous closure> (package:flutter_tools/src/base/context.dart:154:19)
<asynchronous suspension>
#21     CommandRunner.runCommand (package:args/command_runner.dart:212:13)
<asynchronous suspension>
#22     FlutterCommandRunner.runCommand.<anonymous closure> (package:flutter_tools/src/runner/flutter_command_runner.dart:496:9)
<asynchronous suspension>
#23     AppContext.run.<anonymous closure> (package:flutter_tools/src/base/context.dart:154:19)
<asynchronous suspension>
#24     FlutterCommandRunner.runCommand (package:flutter_tools/src/runner/flutter_command_runner.dart:431:5)
<asynchronous suspension>
#25     FlutterCommandRunner.run.<anonymous closure> (package:flutter_tools/src/runner/flutter_command_runner.dart:307:33)
<asynchronous suspension>
#26     run.<anonymous closure>.<anonymous closure> (package:flutter_tools/runner.dart:104:11)
<asynchronous suspension>
#27     AppContext.run.<anonymous closure> (package:flutter_tools/src/base/context.dart:154:19)
<asynchronous suspension>
#28     main (package:flutter_tools/executable.dart:103:3)
<asynchronous suspension>
```

## flutter doctor

```
[✓] Flutter (Channel stable, 3.47.0, on Microsoft Windows [Version 10.0.26200.9168], locale en-US) [367ms]
    • Flutter version 3.47.0 on channel stable at C:\flutter
    • Upstream repository https://github.com/flutter/flutter.git
    • Framework revision 4cf2416426 (2 weeks ago), 2026-08-11 11:53:49 -0700
    • Engine revision 5f77625673
    • Dart version 3.13.0
    • DevTools version 2.60.0
    • Feature flags: enable-web, enable-linux-desktop, enable-macos-desktop, no-enable-windows-desktop, enable-android, enable-ios, cli-animations, enable-native-assets, enable-record-use, enable-swift-package-manager, omit-legacy-version-file, enable-lldb-debugging, enable-uiscene-migration

[✓] Windows Version (Windows 11 or higher, 25H2, 2009) [1,677ms]

[✓] Android toolchain - develop for Android devices (Android SDK version 36.0.0) [4.2s]
    • Android SDK at C:\Users\thyly\AppData\Local\Android\sdk
    • Emulator version 36.6.11.0 (build_id 15507667) (CL:N/A)
    • Platform android-36.1, build-tools 36.0.0
    • Java binary at: C:\Program Files\Android\Android Studio\jbr\bin\java
      This is the JDK bundled with the latest Android Studio installation on this machine.
      To manually set the JDK path, use: `flutter config --jdk-dir="path/to/jdk"`.
    • Java version OpenJDK Runtime Environment (build 21.0.10+-14961533-b1163.108)
    • All Android licenses accepted.

[✓] Chrome - develop for the web [11ms]
    • Chrome at C:\Program Files\Google\Chrome\Application\chrome.exe

[✓] Connected device (3 available) [368ms]
    • sdk gphone16k x86 64 (mobile) • emulator-5554 • android-x64    • Android 17 (API 37) (emulator)
    • Chrome (web)                  • chrome        • web-javascript • Google Chrome 151.0.7922.174
    • Edge (web)                    • edge          • web-javascript • Microsoft Edge 151.0.4129.107

[✓] Network resources [566ms]
    • All expected network resources are available.

• No issues found!
```
